C:\Program Files\Microsoft Visual Studio\2022\Community\MSBuild\Microsoft\VC\v170\Microsoft.CppBuild.targets(1133,5): warning MSB4211: The property "GetTargetPathDependsOn" is being set to a value for the first time, but it was already consumed at "C:\Program Files\Microsoft Visual Studio\2022\Community\MSBuild\Current\Bin\amd64\Microsoft.Common.CurrentVersion.targets (2243,5)".
  LighthouseTracking.cpp
  RobotCalibration.cpp
C:\Users\sbagchi\OneDrive - NIST\Documents\GitHub\CRPI\Applications\Demo_ViveControl\LighthouseTracking.h(6,10): error C1083: Cannot open include file: 'openvr.h': No such file or directory
  (compiling source file 'LighthouseTracking.cpp')
  
C:\Users\sbagchi\OneDrive - NIST\Documents\GitHub\CRPI\Libraries\Math\MatrixMath.h(215,19): warning C4267: '=': conversion from 'size_t' to 'int', possible loss of data
  (compiling source file 'RobotCalibration.cpp')
  
C:\Users\sbagchi\OneDrive - NIST\Documents\GitHub\CRPI\Libraries\Math\MatrixMath.h(332,25): warning C4267: 'argument': conversion from 'size_t' to 'int', possible loss of data
  (compiling source file 'RobotCalibration.cpp')
  
C:\Users\sbagchi\OneDrive - NIST\Documents\GitHub\CRPI\Libraries\CRPI\crpi.h(472,21): warning C4267: '=': conversion from 'size_t' to 'int', possible loss of data
  (compiling source file 'RobotCalibration.cpp')
  
C:\Users\sbagchi\OneDrive - NIST\Documents\GitHub\CRPI\Applications\Demo_ViveControl\RobotCalibration.cpp(28,10): error C1083: Cannot open include file: 'CoordFrameReg.h': No such file or directory
  ViveControl.cpp
C:\Users\sbagchi\OneDrive - NIST\Documents\GitHub\CRPI\Libraries\Math\MatrixMath.h(215,19): warning C4267: '=': conversion from 'size_t' to 'int', possible loss of data
  (compiling source file 'ViveControl.cpp')
  
C:\Users\sbagchi\OneDrive - NIST\Documents\GitHub\CRPI\Libraries\Math\MatrixMath.h(332,25): warning C4267: 'argument': conversion from 'size_t' to 'int', possible loss of data
  (compiling source file 'ViveControl.cpp')
  
C:\Users\sbagchi\OneDrive - NIST\Documents\GitHub\CRPI\Libraries\CRPI\crpi.h(472,21): warning C4267: '=': conversion from 'size_t' to 'int', possible loss of data
  (compiling source file 'ViveControl.cpp')
  
C:\Users\sbagchi\OneDrive - NIST\Documents\GitHub\CRPI\Applications\Demo_ViveControl\ViveControl.cpp(34,10): error C1083: Cannot open include file: 'Vicon.h': No such file or directory
  Generating Code...
